[bootstraplovers.com/templates/assan-v2.4/assan-personal-portfolio/index.html]
[backblue.gif]
[fade.gif]
[index.html]
[bootstraplovers.com/templates/assan-v2.4/assan-personal-portfolio/images/logo.png]
[bootstraplovers.com/templates/assan-v2.4/assan-personal-portfolio/images/avtar.jpg]
[bootstraplovers.com/templates/assan-v2.4/assan-personal-portfolio/images/w1.jpg]
[bootstraplovers.com/templates/assan-v2.4/assan-personal-portfolio/images/w2.jpg]
[bootstraplovers.com/templates/assan-v2.4/assan-personal-portfolio/images/w3.jpg]
[bootstraplovers.com/templates/assan-v2.4/assan-personal-portfolio/images/w4.jpg]
[bootstraplovers.com/templates/assan-v2.4/assan-personal-portfolio/images/w5.jpg]
[bootstraplovers.com/templates/assan-v2.4/assan-personal-portfolio/images/w6.jpg]
[bootstraplovers.com/templates/assan-v2.4/assan-personal-portfolio/images/cl-1.png]
[bootstraplovers.com/templates/assan-v2.4/assan-personal-portfolio/images/cl-2.png]
[bootstraplovers.com/templates/assan-v2.4/assan-personal-portfolio/images/cl-3.png]
[bootstraplovers.com/templates/assan-v2.4/assan-personal-portfolio/images/cl-4.png]
[bootstraplovers.com/templates/assan-v2.4/assan-personal-portfolio/js/jquery.min.js]
[bootstraplovers.com/templates/assan-v2.4/assan-personal-portfolio/bootstrap/js/bootstrap.min.js]
[bootstraplovers.com/templates/assan-v2.4/assan-personal-portfolio/js/wow.min.js]
[bootstraplovers.com/templates/assan-v2.4/assan-personal-portfolio/js/jquery.stellar.min.js]
[bootstraplovers.com/templates/assan-v2.4/assan-personal-portfolio/flexslider/jquery.flexslider-min.js]
[bootstraplovers.com/templates/assan-v2.4/assan-personal-portfolio/contact_form/contact.js]
[bootstraplovers.com/templates/assan-v2.4/assan-personal-portfolio/lightbox2/dist/js/lightbox.min.js]
[bootstraplovers.com/templates/assan-v2.4/assan-personal-portfolio/js/custom.js]
[bootstraplovers.com/templates/assan-v2.4/assan-personal-portfolio/index.html]
[bootstraplovers.com/templates/assan-v2.4/assan-personal-portfolio/bootstrap/fonts/glyphicons-halflings-regular.eot]
[bootstraplovers.com/templates/assan-v2.4/assan-personal-portfolio/bootstrap/fonts/glyphicons-halflings-regulard41d.eot]
[bootstraplovers.com/templates/assan-v2.4/assan-personal-portfolio/bootstrap/fonts/glyphicons-halflings-regular.woff]
[bootstraplovers.com/templates/assan-v2.4/assan-personal-portfolio/bootstrap/fonts/glyphicons-halflings-regular.ttf]
[bootstraplovers.com/templates/assan-v2.4/assan-personal-portfolio/bootstrap/css/bootstrap.min.css]
[bootstraplovers.com/templates/assan-v2.4/assan-personal-portfolio/css/animate.css]
[bootstraplovers.com/templates/assan-v2.4/assan-personal-portfolio/ion-icons/fonts/ionicons28b5.eot]
[bootstraplovers.com/templates/assan-v2.4/assan-personal-portfolio/ion-icons/fonts/ionicons28b5.ttf]
[bootstraplovers.com/templates/assan-v2.4/assan-personal-portfolio/ion-icons/fonts/ionicons28b5.woff]
[bootstraplovers.com/templates/assan-v2.4/assan-personal-portfolio/ion-icons/css/ionicons.min.css]
[bootstraplovers.com/templates/assan-v2.4/assan-personal-portfolio/flexslider/fonts/flexslider-icon.eot]
[bootstraplovers.com/templates/assan-v2.4/assan-personal-portfolio/flexslider/fonts/flexslider-icond41d.eot]
[bootstraplovers.com/templates/assan-v2.4/assan-personal-portfolio/flexslider/fonts/flexslider-icon.woff]
[bootstraplovers.com/templates/assan-v2.4/assan-personal-portfolio/flexslider/fonts/flexslider-icon.ttf]
[bootstraplovers.com/templates/assan-v2.4/assan-personal-portfolio/flexslider/flexslider.css]
[bootstraplovers.com/templates/assan-v2.4/assan-personal-portfolio/lightbox2/dist/images/close.png]
[bootstraplovers.com/templates/assan-v2.4/assan-personal-portfolio/lightbox2/dist/images/loading.gif]
[bootstraplovers.com/templates/assan-v2.4/assan-personal-portfolio/lightbox2/dist/images/prev.png]
[bootstraplovers.com/templates/assan-v2.4/assan-personal-portfolio/lightbox2/dist/images/next.png]
[bootstraplovers.com/templates/assan-v2.4/assan-personal-portfolio/lightbox2/dist/css/lightbox.css]
[bootstraplovers.com/templates/assan-v2.4/assan-personal-portfolio/images/loading.gif]
[bootstraplovers.com/templates/assan-v2.4/assan-personal-portfolio/images/bg-1.jpg]
[bootstraplovers.com/templates/assan-v2.4/assan-personal-portfolio/images/bg-2.jpg]
[bootstraplovers.com/templates/assan-v2.4/assan-personal-portfolio/css/style.css]
[bootstraplovers.com/templates/assan-v2.4/assan-personal-portfolio/bootstrap/fonts/glyphicons-halflings-regular.html]
[bootstraplovers.com/templates/assan-v2.4/assan-personal-portfolio/bootstrap/fonts/glyphicons-halflings-regular.svg]
[bootstraplovers.com/templates/assan-v2.4/assan-personal-portfolio/ion-icons/fonts/ionicons28b5.svg]
[bootstraplovers.com/templates/assan-v2.4/assan-personal-portfolio/flexslider/fonts/flexslider-icon.svg]
